"_NUL",0,0
"_NUL\_CON",0,0
"_NUL\_CON\_CON.txt",0,0
"_NUL\_CON\_AUX.txt",0,0
"_NUL\_CON\_PRN.txt",0,0
"_NUL\_CON\abf.txt",0,0
"_NUL\_CON\abg.txt",0,0
"_NUL\_CON\abh.txt",0,0
"_NUL\_CON\abi.txt",0,0
"_NUL\_CON\abj.txt",0,0
"_NUL\_AUX",0,0
"_NUL\_AUX\_CON.txt",0,0
"_NUL\_AUX\_AUX.txt",0,0
"_NUL\_AUX\_PRN.txt",0,0
"_NUL\_AUX\abf.txt",0,0
"_NUL\_AUX\abg.txt",0,0
"_NUL\_AUX\abh.txt",0,0
"_NUL\_AUX\abi.txt",0,0
"_NUL\_AUX\abj.txt",0,0
"_NUL\_PRN",0,0
"_NUL\_PRN\_CON.txt",0,0
"_NUL\_PRN\_AUX.txt",0,0
"_NUL\_PRN\_PRN.txt",0,0
"_NUL\_PRN\abf.txt",0,0
"_NUL\_PRN\abg.txt",0,0
"_NUL\_PRN\abh.txt",0,0
"_NUL\_PRN\abi.txt",0,0
"_NUL\_PRN\abj.txt",0,0
"_NUL\abf",0,0
"_NUL\abf\_CON.txt",0,0
"_NUL\abf\_AUX.txt",0,0
"_NUL\abf\_PRN.txt",0,0
"_NUL\abf\abf.txt",0,0
"_NUL\abf\abg.txt",0,0
"_NUL\abf\abh.txt",0,0
"_NUL\abf\abi.txt",0,0
"_NUL\abf\abj.txt",0,0
"_NUL\abg",0,0
"_NUL\abg\_CON.txt",0,0
"_NUL\abg\_AUX.txt",0,0
"_NUL\abg\_PRN.txt",0,0
"_NUL\abg\abf.txt",0,0
"_NUL\abg\abg.txt",0,0
"_NUL\abg\abh.txt",0,0
"_NUL\abg\abi.txt",0,0
"_NUL\abg\abj.txt",0,0
"_CON",0,0
"_CON.txt",0,0
"_CON\_CON.txt",0,0
"_CON\_AUX.txt",0,0
"_CON\_PRN.txt",0,0
"_CON\abf.txt",0,0
"_CON\abg.txt",0,0
"_CON\abh.txt",0,0
"_CON\abi.txt",0,0
"_CON\abj.txt",0,0
"_AUX",0,0
"_AUX.txt",0,0
"_AUX\_CON.txt",0,0
"_AUX\_AUX.txt",0,0
"_AUX\_PRN.txt",0,0
"_AUX\abf.txt",0,0
"_AUX\abg.txt",0,0
"_AUX\abh.txt",0,0
"_AUX\abi.txt",0,0
"_AUX\abj.txt",0,0
"_PRN",0,0
"_PRN.txt",0,0
"_PRN\_CON.txt",0,0
"_PRN\_AUX.txt",0,0
"_PRN\_PRN.txt",0,0
"_PRN\abf.txt",0,0
"_PRN\abg.txt",0,0
"_PRN\abh.txt",0,0
"_PRN\abi.txt",0,0
"_PRN\abj.txt",0,0
"abf",0,0
"abf.txt",0,0
"abf\_CON.txt",0,0
"abf\_AUX.txt",0,0
"abf\_PRN.txt",0,0
"abf\abf.txt",0,0
"abf\abg.txt",0,0
"abf\abh.txt",0,0
"abf\abi.txt",0,0
"abf\abj.txt",0,0
"abg",0,0
"abg.txt",0,0
"abg\_CON.txt",0,0
"abg\_AUX.txt",0,0
"abg\_PRN.txt",0,0
"abg\abf.txt",0,0
"abg\abg.txt",0,0
"abg\abh.txt",0,0
"abg\abi.txt",0,0
"abg\abj.txt",0,0
"abh.txt",0,0
"abi.txt",0,0
"abj.txt",0,0