"test\_foo_bar_buzz_.txt",5,1001993670
"test\test(2012_05_07).txt",5,1001993670