"Password",0
"Password\Second.txt",0
"Password\First.txt",26