"Password",0,0
"Password\Second.txt",0,0
"Password\First.txt",26,1277644989