"Sample\Bar.txt",7816
"Sample\Bas.txt",0
"Sample\Foo.txt",3
"Sample",0