"Split",0
"Split\Manual.pdf",990040
"Split\Sample1.txt",5
"Split\Sample2.txt",6