"Sample",0,0
"Sample\Empty",0,0
"Sample\Normal",0,0
"Sample\Empty.txt",0,0
"Sample\Normal\Empty.txt",0,0
"Sample\Normal\Sample.txt",6,4044060355
"Sample\Sample.txt",26,1277644989