"名称未設定フォルダ",0,0
"名称未設定フォルダ\がぎぐげご.txt",6,1615727330
"__MACOSX",0,0
"__MACOSX\名称未設定フォルダ",0,0
"__MACOSX\名称未設定フォルダ\._がぎぐげご.txt",171,1786095828
"名称未設定フォルダ\ぱぴぷぺぽ.txt",6,1615727330
"__MACOSX\名称未設定フォルダ\._ぱぴぷぺぽ.txt",171,3406027783
"名称未設定フォルダ\ガギグゲゴ.txt",6,1615727330
"__MACOSX\名称未設定フォルダ\._ガギグゲゴ.txt",171,2389079928
"名称未設定フォルダ\カタログ.txt",6,1615727330
"__MACOSX\名称未設定フォルダ\._カタログ.txt",171,392115073
"名称未設定フォルダ\パピプペポ.txt",6,1615727330
"__MACOSX\名称未設定フォルダ\._パピプペポ.txt",171,2727689026
"名称未設定フォルダ\ｶﾀﾛｸﾞ.txt",6,1615727330
"__MACOSX\名称未設定フォルダ\._ｶﾀﾛｸﾞ.txt",171,1756394201
"名称未設定フォルダ\ｶﾞｷﾞｸﾞｹﾞｺﾞ.txt",6,1615727330
"__MACOSX\名称未設定フォルダ\._ｶﾞｷﾞｸﾞｹﾞｺﾞ.txt",171,1613469404
"名称未設定フォルダ\ﾊﾟﾋﾟﾌﾟﾍﾟﾎﾟ.txt",6,1615727330
"__MACOSX\名称未設定フォルダ\._ﾊﾟﾋﾟﾌﾟﾍﾟﾎﾟ.txt",171,2032341453