"カンマ",0,0
"カンマ\hello, world.txt",4,3632233996
"カンマ\test,テスト,ﾃｽﾄ.txt",4,3632233996