"TarSample",0
"TarSample\Bar.txt",7816
"TarSample\Bas.txt",0
"TarSample\Foo.txt",3