"good.txt",19,4082069263
"Temp\evil.txt",20,964378976