"good.txt",19,4082069263
"tmp\evil.txt",20,964378976