"Sample..DoubleDot",0,0
"Sample..DoubleDot\Dot 2018.02.13.txt",6,262819556
"Sample..DoubleDot\Empty.txt",0,0
"Sample..DoubleDot\FileInDirectory.txt",26,1277644989
"Sample..DoubleDot\Filter.txt",6,262819556
"Sample..DoubleDot\FilterDirectory",0,0
"Sample..DoubleDot\FilterDirectory\Filter.txt",6,262819556
"Sample..DoubleDot\FilterDirectory\Sample.txt",6,4044060355