"Sample\Bar.txt",7816,3450353414
"Sample\Bas.txt",0,0
"Sample\Foo.txt",3,3023971265
"Sample",0,0